// Jest Snapshot v1, https://goo.gl/fbAQLP

exports[`<WiFiSettings/> Snapshot 2.4 GHz 1`] = `
"Snapshot Diff:
- First value
+ Second value

@@ -240,207 +240,95 @@
              value="0"
            >
              auto
            </option>
            <option
-             value="36"
+             value="1"
            >
              
-                         36
-                         (5180 MHz )
+                         1
+                         (2412 MHz )
                      
            </option>
            <option
-             value="40"
+             value="2"
            >
              
-                         40
-                         (5200 MHz )
+                         2
+                         (2417 MHz )
                      
            </option>
            <option
-             value="44"
+             value="3"
            >
              
-                         44
-                         (5220 MHz )
+                         3
+                         (2422 MHz )
                      
            </option>
            <option
-             value="48"
-           >
-             
-                         48
-                         (5240 MHz )
-                     
-           </option>
-           <option
-             value="52"
-           >
-             
-                         52
-                         (5260 MHz  ,DFS)
-                     
-           </option>
-           <option
-             value="56"
-           >
-             
-                         56
-                         (5280 MHz  ,DFS)
-                     
-           </option>
-           <option
-             value="60"
+             value="4"
            >
              
-                         60
-                         (5300 MHz  ,DFS)
+                         4
+                         (2427 MHz )
                      
            </option>
            <option
-             value="64"
+             value="5"
            >
              
-                         64
-                         (5320 MHz  ,DFS)
+                         5
+                         (2432 MHz )
                      
            </option>
            <option
-             value="100"
+             value="6"
            >
              
-                         100
-                         (5500 MHz  ,DFS)
+                         6
+                         (2437 MHz )
                      
            </option>
            <option
-             value="104"
+             value="7"
            >
              
-                         104
-                         (5520 MHz  ,DFS)
+                         7
+                         (2442 MHz )
                      
            </option>
            <option
-             value="108"
+             value="8"
            >
              
-                         108
-                         (5540 MHz  ,DFS)
+                         8
+                         (2447 MHz )
                      
            </option>
            <option
-             value="112"
+             value="9"
            >
              
-                         112
-                         (5560 MHz  ,DFS)
+                         9
+                         (2452 MHz )
                      
            </option>
            <option
-             value="116"
+             value="10"
            >
              
-                         116
-                         (5580 MHz  ,DFS)
+                         10
+                         (2457 MHz )
                      
            </option>
            <option
-             value="120"
+             value="11"
            >
              
-                         120
-                         (5600 MHz  ,DFS)
-                     
-           </option>
-           <option
-             value="124"
-           >
-             
-                         124
-                         (5620 MHz  ,DFS)
-                     
-           </option>
-           <option
-             value="128"
-           >
-             
-                         128
-                         (5640 MHz  ,DFS)
-                     
-           </option>
-           <option
-             value="132"
-           >
-             
-                         132
-                         (5660 MHz  ,DFS)
-                     
-           </option>
-           <option
-             value="136"
-           >
-             
-                         136
-                         (5680 MHz  ,DFS)
-                     
-           </option>
-           <option
-             value="140"
-           >
-             
-                         140
-                         (5700 MHz  ,DFS)
-                     
-           </option>
-           <option
-             value="144"
-           >
-             
-                         144
-                         (5720 MHz  ,DFS)
-                     
-           </option>
-           <option
-             value="149"
-           >
-             
-                         149
-                         (5745 MHz )
-                     
-           </option>
-           <option
-             value="153"
-           >
-             
-                         153
-                         (5765 MHz )
-                     
-           </option>
-           <option
-             value="157"
-           >
-             
-                         157
-                         (5785 MHz )
-                     
-           </option>
-           <option
-             value="161"
-           >
-             
-                         161
-                         (5805 MHz )
-                     
-           </option>
-           <option
-             value="165"
-           >
-             
-                         165
-                         (5825 MHz )
+                         11
+                         (2462 MHz )
                      
            </option>
          </select>
        </div>
        <div"
`;

exports[`<WiFiSettings/> Snapshot both modules disabled. 1`] = `
<DocumentFragment>
  <div
    class="card p-4 col-sm-12 col-lg-12 p-0 mb-4"
  >
    <form>
      <div
        class="form-check form-switch mb-3 d-flex align-items-center"
      >
        <input
          class="form-check-input me-2"
          id="1"
          role="switch"
          type="checkbox"
        />
        <label
          class="form-check-label"
          for="1"
        >
          <h2
            class="mb-0"
          >
            Wi-Fi 1
          </h2>
        </label>
      </div>
      <hr />
      <div
        class="form-check form-switch mb-3 d-flex align-items-center"
      >
        <input
          class="form-check-input me-2"
          id="2"
          role="switch"
          type="checkbox"
        />
        <label
          class="form-check-label"
          for="2"
        >
          <h2
            class="mb-0"
          >
            Wi-Fi 2
          </h2>
        </label>
      </div>
      <div
        class="text-end"
      >
        <button
          class="btn btn-primary col-12 col-md-3 col-lg-2 d-inline-flex justify-content-center align-items-center"
          type="submit"
        >
          <span>
            Save
          </span>
        </button>
      </div>
    </form>
  </div>
  <div
    class="card p-4 col-sm-12 col-lg-12 p-0 mb-4"
  >
    <h2>
      Reset Wi-Fi Settings
    </h2>
    <p>
      If a number of wireless cards doesn't match, you may try to reset the Wi-Fi settings. Note that this will remove the current Wi-Fi configuration and restore the default values.
    </p>
    <div
      class="text-end"
    >
      <button
        class="btn btn-primary col-12 col-md-3 col-lg-2 d-inline-flex justify-content-center align-items-center"
        type="button"
      >
        <span>
          Reset Wi-Fi Settings
        </span>
      </button>
    </div>
  </div>
</DocumentFragment>
`;

exports[`<WiFiSettings/> Snapshot guest network. 1`] = `
"Snapshot Diff:
- First value
+ Second value

@@ -524,10 +524,91 @@
            <small>
              Enables Wi-Fi for guests, which is separated from LAN network. Devices connected to this network are allowed to access the internet, but aren't allowed to access other devices and the configuration interface of the router. Parameters of the guest network can be set in the Guest network tab.
            </small>
          </div>
        </div>
+       <div
+         class="mb-3"
+       >
+         <label
+           class="form-label"
+           for="12"
+         >
+           SSID
+         </label>
+         <div
+           class="input-group"
+         >
+           <input
+             class="form-control"
+             id="12"
+             type="text"
+             value="TestGuestSSID"
+           />
+           <div
+             class="input-group-append"
+           >
+             <button
+               class="input-group-text"
+               type="button"
+             >
+               <i
+                 class="fa"
+               />
+             </button>
+           </div>
+         </div>
+         <div
+           class="form-text"
+         >
+           <small>
+             SSID which contains non-standard characters could cause problems on some devices.
+           </small>
+         </div>
+       </div>
+       <div
+         class="mb-3"
+       >
+         <label
+           class="form-label"
+           for="13"
+         >
+           Password
+         </label>
+         <div
+           class="input-group"
+         >
+           <input
+             autocomplete="current-password"
+             class="form-control is-invalid"
+             id="13"
+             required=""
+             type="password"
+             value=""
+           />
+           <button
+             class="input-group-text"
+             type="button"
+           >
+             <i
+               class="fa"
+             />
+           </button>
+         </div>
+         <div
+           class="invalid-feedback"
+         >
+           Password must contain at least 8 symbols
+         </div>
+         <div
+           class="form-text"
+         >
+           <small>
+             WPA2/3 pre-shared key, that is required to connect to the network.
+           </small>
+         </div>
+       </div>
        <hr />
        <div
          class="form-check form-switch mb-3 d-flex align-items-center"
        >
          <input
@@ -550,10 +631,11 @@
        <div
          class="text-end"
        >
          <button
            class="btn btn-primary col-12 col-md-3 col-lg-2 d-inline-flex justify-content-center align-items-center"
+           disabled=""
            type="submit"
          >
            <span>
              Save
            </span>"
`;

exports[`<WiFiSettings/> Snapshot one module enabled. 1`] = `
"Snapshot Diff:
- First value
+ Second value

@@ -21,10 +21,513 @@
            >
              Wi-Fi 1
            </h2>
          </label>
        </div>
+       <div
+         class="mb-3"
+       >
+         <label
+           class="form-label"
+           for="3"
+         >
+           SSID
+         </label>
+         <div
+           class="input-group"
+         >
+           <input
+             class="form-control"
+             id="3"
+             required=""
+             type="text"
+             value="TestSSID1"
+           />
+           <button
+             class="input-group-text"
+             type="button"
+           >
+             <i
+               class="fa"
+             />
+           </button>
+         </div>
+         <div
+           class="form-text"
+         >
+           <small>
+             SSID which contains non-standard characters could cause problems on some devices.
+           </small>
+         </div>
+       </div>
+       <div
+         class="mb-3"
+       >
+         <label
+           class="form-label"
+           for="4"
+         >
+           Password
+         </label>
+         <div
+           class="input-group"
+         >
+           <input
+             autocomplete="current-password"
+             class="form-control"
+             id="4"
+             required=""
+             type="password"
+             value="TestPass"
+           />
+           <button
+             class="input-group-text"
+             type="button"
+           >
+             <i
+               class="fa"
+             />
+           </button>
+         </div>
+         <div
+           class="form-text"
+         >
+           <small>
+             WPA2/3 pre-shared key, that is required to connect to the network.
+           </small>
+         </div>
+       </div>
+       <div
+         class="form-check form-switch mb-3"
+       >
+         <input
+           class="form-check-input"
+           id="5"
+           role="switch"
+           type="checkbox"
+         />
+         <label
+           class="form-check-label"
+           for="5"
+         >
+           Hide SSID
+         </label>
+         <div
+           class="form-text"
+         >
+           <small>
+             If set, network is not visible when scanning for available networks.
+           </small>
+         </div>
+       </div>
+       <div
+         class="mb-3"
+       >
+         <label
+           class="d-block"
+           for="6"
+         >
+           GHz
+         </label>
+         <div
+           class="mb-3 form-check form-check-inline"
+         >
+           <input
+             class="form-check-input me-2"
+             id="hwmode-0-0"
+             name="hwmode-0"
+             type="radio"
+             value="11g"
+           />
+           <label
+             class="form-check-label"
+             for="hwmode-0-0"
+           >
+             2.4
+           </label>
+         </div>
+         <div
+           class="mb-3 form-check form-check-inline"
+         >
+           <input
+             checked=""
+             class="form-check-input me-2"
+             id="hwmode-0-1"
+             name="hwmode-0"
+             type="radio"
+             value="11a"
+           />
+           <label
+             class="form-check-label"
+             for="hwmode-0-1"
+           >
+             5
+           </label>
+         </div>
+         <div
+           class="form-text"
+         >
+           <small>
+             The 2.4 GHz band is more widely supported by clients, but tends to have more interference. The 5 GHz band is a newer standard and may not be supported by all your devices. It usually has less interference, but the signal does not carry so well indoors.
+           </small>
+         </div>
+       </div>
+       <div
+         class="mb-3"
+       >
+         <label
+           class="form-label"
+           for="7"
+         >
+           802.11n/ac/ax mode
+         </label>
+         <select
+           class="form-select"
+           id="7"
+         >
+           <option
+             value="NOHT"
+           >
+             Disabled
+           </option>
+           <option
+             value="HT20"
+           >
+             802.11n - 20 MHz wide channel
+           </option>
+           <option
+             value="HT40"
+           >
+             802.11n - 40 MHz wide channel
+           </option>
+           <option
+             value="VHT20"
+           >
+             802.11ac - 20 MHz wide channel
+           </option>
+           <option
+             value="VHT40"
+           >
+             802.11ac - 40 MHz wide channel
+           </option>
+           <option
+             value="VHT80"
+           >
+             802.11ac - 80 MHz wide channel
+           </option>
+         </select>
+         <div
+           class="form-text"
+         >
+           <small>
+             Change this to adjust 802.11n/ac/ax mode of operation. 802.11n with 40 MHz wide channels can yield higher throughput but can cause more interference in the network. If you don't know what to choose, use the default option with 20 MHz wide channel.
+           </small>
+         </div>
+       </div>
+       <div
+         class="mb-3"
+       >
+         <label
+           class="form-label"
+           for="8"
+         >
+           Channel
+         </label>
+         <select
+           class="form-select"
+           id="8"
+         >
+           <option
+             value="0"
+           >
+             auto
+           </option>
+           <option
+             value="36"
+           >
+             
+                         36
+                         (5180 MHz )
+                     
+           </option>
+           <option
+             value="40"
+           >
+             
+                         40
+                         (5200 MHz )
+                     
+           </option>
+           <option
+             value="44"
+           >
+             
+                         44
+                         (5220 MHz )
+                     
+           </option>
+           <option
+             value="48"
+           >
+             
+                         48
+                         (5240 MHz )
+                     
+           </option>
+           <option
+             value="52"
+           >
+             
+                         52
+                         (5260 MHz  ,DFS)
+                     
+           </option>
+           <option
+             value="56"
+           >
+             
+                         56
+                         (5280 MHz  ,DFS)
+                     
+           </option>
+           <option
+             value="60"
+           >
+             
+                         60
+                         (5300 MHz  ,DFS)
+                     
+           </option>
+           <option
+             value="64"
+           >
+             
+                         64
+                         (5320 MHz  ,DFS)
+                     
+           </option>
+           <option
+             value="100"
+           >
+             
+                         100
+                         (5500 MHz  ,DFS)
+                     
+           </option>
+           <option
+             value="104"
+           >
+             
+                         104
+                         (5520 MHz  ,DFS)
+                     
+           </option>
+           <option
+             value="108"
+           >
+             
+                         108
+                         (5540 MHz  ,DFS)
+                     
+           </option>
+           <option
+             value="112"
+           >
+             
+                         112
+                         (5560 MHz  ,DFS)
+                     
+           </option>
+           <option
+             value="116"
+           >
+             
+                         116
+                         (5580 MHz  ,DFS)
+                     
+           </option>
+           <option
+             value="120"
+           >
+             
+                         120
+                         (5600 MHz  ,DFS)
+                     
+           </option>
+           <option
+             value="124"
+           >
+             
+                         124
+                         (5620 MHz  ,DFS)
+                     
+           </option>
+           <option
+             value="128"
+           >
+             
+                         128
+                         (5640 MHz  ,DFS)
+                     
+           </option>
+           <option
+             value="132"
+           >
+             
+                         132
+                         (5660 MHz  ,DFS)
+                     
+           </option>
+           <option
+             value="136"
+           >
+             
+                         136
+                         (5680 MHz  ,DFS)
+                     
+           </option>
+           <option
+             value="140"
+           >
+             
+                         140
+                         (5700 MHz  ,DFS)
+                     
+           </option>
+           <option
+             value="144"
+           >
+             
+                         144
+                         (5720 MHz  ,DFS)
+                     
+           </option>
+           <option
+             value="149"
+           >
+             
+                         149
+                         (5745 MHz )
+                     
+           </option>
+           <option
+             value="153"
+           >
+             
+                         153
+                         (5765 MHz )
+                     
+           </option>
+           <option
+             value="157"
+           >
+             
+                         157
+                         (5785 MHz )
+                     
+           </option>
+           <option
+             value="161"
+           >
+             
+                         161
+                         (5805 MHz )
+                     
+           </option>
+           <option
+             value="165"
+           >
+             
+                         165
+                         (5825 MHz )
+                     
+           </option>
+         </select>
+       </div>
+       <div
+         class="mb-3"
+       >
+         <label
+           class="form-label"
+           for="9"
+         >
+           Encryption
+         </label>
+         <select
+           class="form-select"
+           id="9"
+         >
+           <option
+             value="WPA3"
+           >
+             WPA3 only
+           </option>
+           <option
+             value="WPA2/3"
+           >
+             WPA3 with WPA2 as fallback (default)
+           </option>
+           <option
+             value="WPA2"
+           >
+             WPA2 only
+           </option>
+         </select>
+         <div
+           class="form-text"
+         >
+           <small>
+             The WPA3 standard is the new most secure encryption method that is suggested to be used with any device that supports it. The older devices without WPA3 support require older WPA2. If you experience issues with connecting older devices, try to enable WPA2.
+           </small>
+         </div>
+       </div>
+       <div
+         class="form-check form-switch mb-3"
+       >
+         <input
+           class="form-check-input"
+           id="10"
+           role="switch"
+           type="checkbox"
+         />
+         <label
+           class="form-check-label"
+           for="10"
+         >
+           Disable Management Frame Protection
+         </label>
+         <div
+           class="form-text"
+         >
+           <small>
+             In case you have trouble connecting to WiFi Access Point, try disabling Management Frame Protection.
+           </small>
+         </div>
+       </div>
+       <div
+         class="form-check form-switch mb-3"
+       >
+         <input
+           class="form-check-input"
+           id="11"
+           role="switch"
+           type="checkbox"
+         />
+         <label
+           class="form-check-label"
+           for="11"
+         >
+           Enable Guest Wi-Fi
+         </label>
+         <div
+           class="form-text"
+         >
+           <small>
+             Enables Wi-Fi for guests, which is separated from LAN network. Devices connected to this network are allowed to access the internet, but aren't allowed to access other devices and the configuration interface of the router. Parameters of the guest network can be set in the Guest network tab.
+           </small>
+         </div>
+       </div>
        <hr />
        <div
          class="form-check form-switch mb-3 d-flex align-items-center"
        >
          <input"
`;
