// Jest Snapshot v1, https://goo.gl/fbAQLP

exports[`<NumberInput/> Render number input 1`] = `
<div
  class="mb-3"
>
  <label
    class="form-label"
    for="1"
  >
    Test label
  </label>
  <div
    class="input-group"
  >
    <input
      class="form-control"
      id="1"
      type="number"
      value="1"
    />
    <button
      aria-label="Increase"
      class="btn btn-outline-secondary"
      type="button"
    >
      <i
        class="fas fa-plus"
      />
    </button>
    <button
      aria-label="Decrease"
      class="btn btn-outline-secondary"
      type="button"
    >
      <i
        class="fas fa-minus"
      />
    </button>
  </div>
  <div
    class="form-text"
  >
    <small>
      Some help text
    </small>
  </div>
</div>
`;
