// Jest Snapshot v1, https://goo.gl/fbAQLP

exports[`<PasswordInput/> Render password input 1`] = `
<div
  class="mb-3"
>
  <label
    class="form-label"
    for="1"
  >
    Test label
  </label>
  <div
    class="input-group"
  >
    <input
      autocomplete="current-password"
      class="form-control"
      id="1"
      type="password"
      value="Some password"
    />
  </div>
  <div
    class="form-text"
  >
    <small>
      Some help text
    </small>
  </div>
</div>
`;
