// Jest Snapshot v1, https://goo.gl/fbAQLP

exports[`<Select/> Test with snapshot. 1`] = `
<div>
  <div
    class="mb-3"
  >
    <label
      class="form-label"
      for="1"
    >
      Test label
    </label>
    <select
      class="form-select"
      id="1"
    >
      <option
        value="1"
      >
        one
      </option>
      <option
        value="2"
      >
        two
      </option>
      <option
        value="3"
      >
        three
      </option>
    </select>
    <div
      class="form-text"
    >
      <small>
        Help text
      </small>
    </div>
  </div>
</div>
`;
