// Jest Snapshot v1, https://goo.gl/fbAQLP

exports[`conditional HOCs withError should render error message 1`] = `
<div>
  <p
    class="text-center text-danger"
  >
    An error occurred while fetching data.
  </p>
</div>
`;

exports[`conditional HOCs withErrorMessage should render error message 1`] = `
<div>
  <p
    class="text-center text-danger"
  >
    An error occurred while fetching data.
  </p>
</div>
`;

exports[`conditional HOCs withSpinner should render spinner 1`] = `
<div>
  <div
    class="spinner-wrapper my-3 text-center"
  >
    <div
      class="spinner-border"
      role="status"
    >
      <span
        class="sr-only"
      />
    </div>
  </div>
</div>
`;

exports[`conditional HOCs withSpinnerOnSending should render spinner 1`] = `
<div>
  <div
    class="spinner-wrapper my-3 text-center"
  >
    <div
      class="spinner-border"
      role="status"
    >
      <span
        class="sr-only"
      />
    </div>
  </div>
</div>
`;
